// Jest Snapshot v1, https://goo.gl/fbAQLP

exports[`Test Catalog tree Loading state S3 catalog tree 1`] = `
<div>
  <div>
    <div
      class="euiText euiText--medium euiTreeView__wrapper"
    >
      <p
        class="euiScreenReaderOnly"
        id="some_html_id--instruction"
      >
        You can quickly navigate this list using arrow keys.
      </p>
      <ul
        aria-describedby="some_html_id--instruction"
        aria-label="S3 Datasource Folder Tree"
        class="euiTreeView workbench-tree"
        data-test-subj="s3-datasource-tree"
        id="some_html_id"
      >
        <li
          class="euiTreeView__node"
        >
          <button
            aria-controls="some_html_id"
            aria-expanded="false"
            class="euiTreeView__nodeInner"
            data-test-subj="euiTreeViewButton-some_html_id"
            id="element_0"
          >
            <span
              class="euiTreeView__iconWrapper"
            >
              <svg
                aria-hidden="true"
                class="euiIcon euiIcon--medium euiIcon-isLoading"
                focusable="false"
                height="16"
                role="img"
                viewBox="0 0 16 16"
                width="16"
                xmlns="http://www.w3.org/2000/svg"
              >
                <path
                  d="M5.277 10.088c.02.014.04.03.057.047.582.55 1.134.812 1.666.812.586 0 1.84-.293 3.713-.88L9 6.212V2H7v4.212l-1.723 3.876Zm-.438.987L3.539 14h8.922l-1.32-2.969C9.096 11.677 7.733 12 7 12c-.74 0-1.463-.315-2.161-.925ZM6 2H5V1h6v1h-1v4l3.375 7.594A1 1 0 0 1 12.461 15H3.54a1 1 0 0 1-.914-1.406L6 6V2Z"
                />
              </svg>
            </span>
            <span
              class="euiTreeView__nodeLabel"
            >
              <div>
                <span
                  class="euiToolTipAnchor"
                >
                  <div
                    class="euiFlexGroup euiFlexGroup--gutterLarge euiFlexGroup--directionRow euiFlexGroup--responsive"
                  >
                    <div
                      class="euiFlexItem euiFlexItem--flexGrowZero"
                    >
                      <div
                        class="euiText euiText--medium"
                      >
                        db1
                         
                      </div>
                    </div>
                  </div>
                </span>
              </div>
            </span>
          </button>
          <div
            id="some_html_id"
          />
        </li>
        <li
          class="euiTreeView__node"
        >
          <button
            aria-controls="some_html_id"
            aria-expanded="false"
            class="euiTreeView__nodeInner"
            data-test-subj="euiTreeViewButton-some_html_id"
            id="element_1"
          >
            <span
              class="euiTreeView__iconWrapper"
            >
              <svg
                aria-hidden="true"
                class="euiIcon euiIcon--medium euiIcon-isLoading"
                focusable="false"
                height="16"
                role="img"
                viewBox="0 0 16 16"
                width="16"
                xmlns="http://www.w3.org/2000/svg"
              >
                <path
                  d="M5.277 10.088c.02.014.04.03.057.047.582.55 1.134.812 1.666.812.586 0 1.84-.293 3.713-.88L9 6.212V2H7v4.212l-1.723 3.876Zm-.438.987L3.539 14h8.922l-1.32-2.969C9.096 11.677 7.733 12 7 12c-.74 0-1.463-.315-2.161-.925ZM6 2H5V1h6v1h-1v4l3.375 7.594A1 1 0 0 1 12.461 15H3.54a1 1 0 0 1-.914-1.406L6 6V2Z"
                />
              </svg>
            </span>
            <span
              class="euiTreeView__nodeLabel"
            >
              <div>
                <span
                  class="euiToolTipAnchor"
                >
                  <div
                    class="euiFlexGroup euiFlexGroup--gutterLarge euiFlexGroup--directionRow euiFlexGroup--responsive"
                  >
                    <div
                      class="euiFlexItem euiFlexItem--flexGrowZero"
                    >
                      <div
                        class="euiText euiText--medium"
                      >
                        db2
                         
                      </div>
                    </div>
                  </div>
                </span>
              </div>
            </span>
          </button>
          <div
            id="some_html_id"
          />
        </li>
      </ul>
    </div>
  </div>
</div>
`;
