// Jest Snapshot v1, https://goo.gl/fbAQLP

exports[`<Switch /> spec renders the component 1`] = `
<div>
  <fieldset
    class="euiButtonGroup euiButtonGroup--small euiButtonGroup--text query-language-switch"
    data-test-subj="switch-button"
  >
    <legend
      class="euiScreenReaderOnly"
    >
      query-language-swtich
    </legend>
    <div
      class="euiButtonGroup__buttons"
    >
      <label
        class="euiButtonGroupButton euiButtonGroupButton--text euiButtonGroupButton--small euiButtonGroupButton--fill euiButtonGroupButton-isSelected"
        data-test-subj="switch-button-sql"
        for="some_html_id"
      >
        <span
          class="euiButtonContent euiButton__content"
        >
          <span
            class="euiButton__text euiButtonGroupButton__textShift"
            data-text="SQL"
            title="SQL"
          >
            <input
              checked=""
              class="euiScreenReaderOnly"
              data-test-subj="SQL"
              id="some_html_id"
              name="some_html_id"
              type="radio"
              value=""
            />
            SQL
          </span>
        </span>
      </label>
      <label
        class="euiButtonGroupButton euiButtonGroupButton--text euiButtonGroupButton--small"
        data-test-subj="switch-button-ppl"
        for="some_html_id"
      >
        <span
          class="euiButtonContent euiButton__content"
        >
          <span
            class="euiButton__text euiButtonGroupButton__textShift"
            data-text="PPL"
            title="PPL"
          >
            <input
              class="euiScreenReaderOnly"
              data-test-subj="PPL"
              id="some_html_id"
              name="some_html_id"
              type="radio"
              value=""
            />
            PPL
          </span>
        </span>
      </label>
    </div>
  </fieldset>
</div>
`;
